// Jest Snapshot v1, https://goo.gl/fbAQLP

exports[`TextField Component renders correctly 1`] = `
<div
  className="MuiFormControl-root MuiTextField-root css-90vjmg"
>
  <label
    className="MuiFormLabel-root MuiInputLabel-root MuiInputLabel-formControl MuiInputLabel-animated MuiInputLabel-filled"
    data-shrink={false}
  >
    Lorem Ipsum
  </label>
  <div
    className="MuiInputBase-root MuiOutlinedInput-root MuiInputBase-formControl"
    onClick={[Function]}
  >
    <input
      aria-invalid={false}
      autoFocus={false}
      className="MuiInputBase-input MuiOutlinedInput-input"
      disabled={false}
      onAnimationStart={[Function]}
      onBlur={[Function]}
      onChange={[Function]}
      onFocus={[Function]}
      required={false}
      type="text"
    />
    <fieldset
      aria-hidden={true}
      className="PrivateNotchedOutline-root-5 MuiOutlinedInput-notchedOutline"
    >
      <legend
        className="PrivateNotchedOutline-legendLabelled-7"
      >
        <span>
          Lorem Ipsum
        </span>
      </legend>
    </fieldset>
  </div>
  <p
    className="MuiFormHelperText-root MuiFormHelperText-contained"
  >
    Lorem ipsum dolor sit amet.
  </p>
</div>
`;
